Component: ARM Compiler 6.16 Tool: armlink [5dfeaa00]

==============================================================================

Section Cross References

    startup.o(RESET) refers to startup.o(STACK) for StackMem
    startup.o(RESET) refers to main.o(MyCode) for __main
    startup.o(.text) refers to startup.o(HEAP) for HeapMem
    startup.o(.text) refers to startup.o(STACK) for StackMem


==============================================================================

Removing Unused input sections from the image.

    Removing main.o(MyDataRam), (0 bytes).
    Removing main.o(MyDataFlash), (0 bytes).
    Removing startup.o(HEAP), (0 bytes).
    Removing startup.o(.text), (24 bytes).

4 unused section(s) (total 24 bytes) removed from the image.

==============================================================================

Image Symbol Table

    Local Symbols

    Symbol Name                              Value     Ov Type        Size  Object(Section)

    ../main.s                                0x00000000   Number         0  main.o ABSOLUTE
    ../startup.s                             0x00000000   Number         0  startup.o ABSOLUTE
    RESET                                    0x00000000   Section      972  startup.o(RESET)
    $v0                                      0x000003c0   Number         0  startup.o(RESET)
    NmiSR                                    0x000003c5   Thumb Code     0  startup.o(RESET)
    FaultISR                                 0x000003c7   Thumb Code     0  startup.o(RESET)
    Interrupt0_Handler                       0x000003c9   Thumb Code     0  startup.o(RESET)
    $v0                                      0x000003cc   Number         0  main.o(MyCode)
    MyCode                                   0x000003cc   Section       20  main.o(MyCode)
    StackMem                                 0x20000000   Data           0  startup.o(STACK)
    STACK                                    0x20000000   Section      256  startup.o(STACK)

    Global Symbols

    Symbol Name                              Value     Ov Type        Size  Object(Section)

    BuildAttributes$$THM_ISAv4$E$P$D$K$B$S$7EM$VFPi3$EXTD16$VFPS$VFMA$PE$A:L22UL41UL21$X:L11$S22US41US21$IEEE1$~IW$USESV6$~STKCKD$USESV7$~SHL$OSPACE$EBA8$STANDARDLIB$PRES8$EABIv2 0x00000000   Number         0  anon$$obj.o ABSOLUTE
    __Vectors                                0x00000000   Data           0  startup.o(RESET)
    Reset_Handler                            0x000003c1   Thumb Code     0  startup.o(RESET)
    __main                                   0x000003cd   Thumb Code     0  main.o(MyCode)



==============================================================================

Memory Map of the image

  Image Entry point : 0x000003c1

  Load Region LR_1 (Base: 0x00000000, Size: 0x000003e0, Max: 0xffffffff, ABSOLUTE)

    Execution Region ER_RO (Exec base: 0x00000000, Load base: 0x00000000, Size: 0x000003e0, Max: 0xffffffff, ABSOLUTE)

    Exec Addr    Load Addr    Size         Type   Attr      Idx    E Section Name        Object

    0x00000000   0x00000000   0x000003cc   Code   RO           10  * RESET               startup.o
    0x000003cc   0x000003cc   0x00000014   Code   RO            3  * MyCode              main.o


    Execution Region ER_RW (Exec base: 0x20000000, Load base: 0x000003e0, Size: 0x00000000, Max: 0xffffffff, ABSOLUTE)

    **** No section assigned to this execution region ****


    Execution Region ER_ZI (Exec base: 0x20000000, Load base: 0x000003e0, Size: 0x00000100, Max: 0xffffffff, ABSOLUTE)

    Exec Addr    Load Addr    Size         Type   Attr      Idx    E Section Name        Object

    0x20000000        -       0x00000100   Zero   RW            8    STACK               startup.o


==============================================================================

Image component sizes


      Code (inc. data)   RO Data    RW Data    ZI Data      Debug   Object Name

        20          2          0          0          0        216   main.o
       972        962          0          0        256        196   startup.o

    ----------------------------------------------------------------------
       992        964          0          0        256        412   Object Totals
         0          0          0          0          0          0   (incl. Generated)
         0          0          0          0          0          0   (incl. Padding)

    ----------------------------------------------------------------------
         0          0          0          0          0          0   Library Totals
         0          0          0          0          0          0   (incl. Padding)

    ----------------------------------------------------------------------

==============================================================================


      Code (inc. data)   RO Data    RW Data    ZI Data      Debug   

       992        964          0          0        256        412   Grand Totals
       992        964          0          0        256        412   ELF Image Totals
       992        964          0          0          0          0   ROM Totals

==============================================================================

    Total RO  Size (Code + RO Data)                  992 (   0.97kB)
    Total RW  Size (RW Data + ZI Data)               256 (   0.25kB)
    Total ROM Size (Code + RO Data + RW Data)        992 (   0.97kB)

==============================================================================

